// Jest Snapshot v1, https://goo.gl/fbAQLP

exports[`Alert render 1`] = `<DocumentFragment />`;
